// Jest Snapshot v1, https://goo.gl/fbAQLP

exports[`Crumble function should explode absolute path into array 1`] = `
Array [
  "this",
  "is",
  "testing",
  "path",
]
`;

exports[`Crumble function should explode relative path into array 1`] = `
Array [
  "this",
  "is",
  "testing",
  "path",
]
`;

exports[`Crumble function should return array with single value \`index\` for root 1`] = `
Array [
  "index",
]
`;

exports[`Crumble function should return array with single value \`index\` if \`index\` is the only part of absolute path 1`] = `
Array [
  "index",
]
`;

exports[`Crumble function should return array with single value \`index\` if \`index\` is the only part of relative path 1`] = `
Array [
  "index",
]
`;

exports[`Crumble function should strip file extensions 1`] = `
Array [
  "this",
  "is",
  "testing",
  "path",
]
`;

exports[`Crumble function should strip last \`index\` from path 1`] = `
Array [
  "this",
  "is",
  "testing",
  "path",
]
`;

exports[`Crumble function should strip last \`index\` with extension from path 1`] = `
Array [
  "this",
  "is",
  "testing",
  "path",
]
`;
